Integrando en VSCode

1) Abriremos el VSCode y abriremos una nueva terminal con Git Bash dentro del 
mismo (Ver guía de instalación de Git Bash).
2) Mover los archivos que no correspondan a la carpeta con la categoría de 
película correspondiente. 
3) Estando ubicados en la carpeta DH renombrar los archivos que están mal 
nombrados debido a faltas ortográficas.
4) Estando ubicados en la carpeta DH remover (eliminar) los archivos que no sean 
peliculas y corresponden a canciones en un solo comando c/u. 

lejandro@DESKTOP-KV4U53E MINGW64 ~/Desktop/DH
$ CD repaso_clase1y2/
bash: CD: command not found

Alejandro@DESKTOP-KV4U53E MINGW64 ~/Desktop/DH
rdware es el conjunto de componentes físicos de los que está hecho el equipo y software es el conjunto de programas o aplicaciones, instrucciones y reglas informáticas que hacen posible el funcionamiento del equipo
$ cd repaso_clase1y2/

Alejandro@DESKTOP-KV4U53E MINGW64 ~/Desktop/DH/repaso_clase1y2
$ mv historia_de_la_contabilidad/ historia_de_la_informatica

Alejandro@DESKTOP-KV4U53E MINGW64 ~/Desktop/DH/repaso_clase1y2
$ mv que_haremos_hoy/sofware_y_hardware
mv: missing destination file operand after 'que_haremos_hoy/sofware_y_hardware'
Try 'mv --help' for more information.

Alejandro@DESKTOP-KV4U53E MINGW64 ~/Desktop/DH/repaso_clase1y2
$ mv que_haremos_hoy/ sofware_y_hardware 

ervidor es un conjunto de computadoras capaz de atender las peticiones de un cliente y devolverle una respuesta en concordancia
Alejandro@DESKTOP-KV4U53E MINGW64 ~/Desktop/DH/repaso_clase1y2
$ mv infraestructuras/ git_bash_y_vscode

Alejandro@DESKTOP-KV4U53E MINGW64 ~/Desktop/DH/repaso_clase1y2
$ ls
git_bash_y_vscode/  historia_de_la_informatica/  interfaces_de_usuarios/  servidores/  sofware_y_hardware/

Alejandro@DESKTOP-KV4U53E MINGW64 ~/Desktop/DH/repaso_clase1y2
$ ls -r
sofware_y_hardware/  servidores/  interfaces_de_usuarios/  historia_de_la_informatica/  git_bash_y_vscode/

Alejandro@DESKTOP-KV4U53E MINGW64 ~/Desktop/DH/repaso_clase1y2
$ cd sofware_y_hardware/

nterfaces de usuario, cuando sirven para comunicar al usuario de un sistema informático con este último. Por ejemplo: un teclado y un ratón constituyen una interfaz de usuario entre un PC y su usuario
Alejandro@DESKTOP-KV4U53E MINGW64 ~/Desktop/DH/repaso_clase1y2/sofware_y_hardware
$ vi repaso.txt "git_bash_y_vscode
> 
> Q
> 




















nterfaces de usuario, cuando sirven para comunicar al usuario de un sistema informático con este último. Por ejemplo: un teclado y un ratón constituyen una interfaz de usuario entre un PC y su usuario
> 
> Q:
> Q:Q:
> ^C

Alejandro@DESKTOP-KV4U53E MINGW64 ~/Desktop/DH/repaso_clase1y2/sofware_y_hardware
$ vi repaso.txt ^C

Alejandro@DESKTOP-KV4U53E MINGW64 ~/Desktop/DH/repaso_clase1y2/sofware_y_hardware
m
$ vi repaso.txt Hardware es el conjunto de componentes físicos de los que está hecho el equipo y software es el conjunto de programas o aplicaciones, instrucciones y reglas informáticas que hacen posible el funcionamiento del equipo   
$ cd servidores/

Alejandro@DESKTOP-KV4U53E MINGW64 ~/Desktop/DH/repaso_clase1y2/servidores
$ vi repaso.txt

Alejandro@DESKTOP-KV4U53E MINGW64 ~/Desktop/DH/repaso_clase1y2/servidores
$ cd ..

Alejandro@DESKTOP-KV4U53E MINGW64 ~/Desktop/DH/repaso_clase1y2
$ cd interfaces_de_usuarios/

Alejandro@DESKTOP-KV4U53E MINGW64 ~/Desktop/DH/repaso_clase1y2/interfaces_de_usuarios
$ vi
vi                         vidcap.ax                  VIDRESZR.DLL               viewprov.dll               vimdiff.exe                virtdisk.dll
vid.dll                    VideoHandlers.dll          view.exe                   vim.exe                    vimtutor                   VirtualMonitorManager.dll


Alejandro@DESKTOP-KV4U53E MINGW64 ~/Desktop/DH
$ mv Accion/Cars/Comedia
mv: missing destination file operand after 'Accion/Cars/Comedia'
Try 'mv --help' for more information.

Alejandro@DESKTOP-KV4U53E MINGW64 ~/Desktop/DH
$ mv --help
Usage: mv [OPTION]... [-T] SOURCE DEST
  or:  mv [OPTION]... SOURCE... DIRECTORY
  or:  mv [OPTION]... -t DIRECTORY SOURCE...
Rename SOURCE to DEST, or move SOURCE(s) to DIRECTORY.

Mandatory arguments to long options are mandatory for short options too.      
      --backup[=CONTROL]       make a backup of each existing destination file
  -b                           like --backup but does not accept an argument  
  -f, --force                  do not prompt before overwriting
  -i, --interactive            prompt before overwrite
  -n, --no-clobber             do not overwrite an existing file
If you specify more than one of -i, -f, -n, only the final one takes effect.  
      --strip-trailing-slashes  remove any trailing slashes from each SOURCE  
                                 argument
  -S, --suffix=SUFFIX          override the usual backup suffix
  -t, --target-directory=DIRECTORY  move all SOURCE arguments into DIRECTORY  
  -T, --no-target-directory    treat DEST as a normal file
  -u, --update                 move only when the SOURCE file is newer        
                                 than the destination file or when the        
                                 destination file is missing
  -v, --verbose                explain what is being done
  -Z, --context                set SELinux security context of destination    
                                 file to default type
      --help     display this help and exit
      --version  output version information and exit

The backup suffix is '~', unless set with --suffix or SIMPLE_BACKUP_SUFFIX.   
The version control method may be selected via the --backup option or through 
the VERSION_CONTROL environment variable.  Here are the values:

  none, off       never make backups (even if --backup is given)      
  numbered, t     make numbered backups
  existing, nil   numbered if numbered backups exist, simple otherwise
  simple, never   always make simple backups

GNU coreutils online help: <https://www.gnu.org/software/coreutils/>  
Report any translation bugs to <https://translationproject.org/team/> 
Full documentation <https://www.gnu.org/software/coreutils/mv>        
or available locally via: info '(coreutils) mv invocation'

Alejandro@DESKTOP-KV4U53E MINGW64 ~/Desktop/DH
$ Lmv "Diario de una pasion.js
> ^C

Alejandro@DESKTOP-KV4U53E MINGW64 ~/Desktop/DH
$ cd peliculas/

Alejandro@DESKTOP-KV4U53E MINGW64 ~/Desktop/DH/peliculas
$ Lmv Accion/*.js Romanticas/
bash: Lmv: command not found

Alejandro@DESKTOP-KV4U53E MINGW64 ~/Desktop/DH/peliculas
$ mv Accion/*.js Romanticas/

Alejandro@DESKTOP-KV4U53E MINGW64 ~/Desktop/DH/peliculas
$ cd ..

Alejandro@DESKTOP-KV4U53E MINGW64 ~/Desktop/DH
$ mv peliculas/Terror/La\ dama\ y\ el\ bagavundo.png "la dama y el vagabundo.png"

Alejandro@DESKTOP-KV4U53E MINGW64 ~/Desktop/DH
$ mv peliculas/*png/ Terror
mv: cannot stat 'peliculas/*png/': No such file or directory

Alejandro@DESKTOP-KV4U53E MINGW64 ~/Desktop/DH
$ mv la\ dama\ y\ el\ vagabundo.png/Romanticas
mv: missing destination file operand after 'la dama y el vagabundo.png/Romanticas'
Try 'mv --help' for more information.

Alejandro@DESKTOP-KV4U53E MINGW64 ~/Desktop/DH
$ mv "la dama y el vagabundo.png"/ peliculas/Romanticas/
mv: cannot stat 'la dama y el vagabundo.png/': Not a directory

Alejandro@DESKTOP-KV4U53E MINGW64 ~/Desktop/DH
$ mv "la dama y el vagabundo.png" peliculas/Romanticas/

Alejandro@DESKTOP-KV4U53E MINGW64 ~/Desktop/DH
$ mv intenzamente/ peliculas/Infantiles/intensamente
mv: cannot stat 'intenzamente/': No such file or directory

Alejandro@DESKTOP-KV4U53E MINGW64 ~/Desktop/DH
$ mv intenzamente.txt intensamente.txt
mv: cannot stat 'intenzamente.txt': No such file or directory

Alejandro@DESKTOP-KV4U53E MINGW64 ~/Desktop/DH
$ mv cd peliculas/Infantiles/Intenzamente.txt intensamente.txt
mv: target 'intensamente.txt' is not a directory

Alejandro@DESKTOP-KV4U53E MINGW64 ~/Desktop/DH
$ mv peliculas/Infantiles/Intenzamente.txt Intensamente.txt

Alejandro@DESKTOP-KV4U53E MINGW64 ~/Desktop/DH
$ mv Intensamente.txt peliculas/Infantiles/

Alejandro@DESKTOP-KV4U53E MINGW64 ~/Desktop/DH
$ mv peliculas/Infantiles/Rapido\ y\ furioso.pdf peliculas/Infantiles/"Rapidos y Furiosos"

Alejandro@DESKTOP-KV4U53E MINGW64 ~/Desktop/DH
$ mv peliculas/Infantiles/Rapido\ y\ furioso.pdf peliculas/Infantiles/"Rapidos y Furiosos.pdf"
mv: cannot stat 'peliculas/Infantiles/Rapido y furioso.pdf': No such file or directory

Alejandro@DESKTOP-KV4U53E MINGW64 ~/Desktop/DH
$ mv peliculas/Infantiles/Rapido\ y\ furiosof peliculas/Infantiles/"Rapidos y Furiosos.pdf"
mv: cannot stat 'peliculas/Infantiles/Rapido y furiosof': No such file or directory

Alejandro@DESKTOP-KV4U53E MINGW64 ~/Desktop/DH
$ mv peliculas/Infantiles/Rapidos\ y\ Furiosos peliculas/Infantiles/"Rapidos y fueriosos.pdf"

Alejandro@DESKTOP-KV4U53E MINGW64 ~/Desktop/DH
$ mv peliculas/Infantiles/.pdf peliculas/Accion/
mv: cannot stat 'peliculas/Infantiles/.pdf': No such file or directory

Alejandro@DESKTOP-KV4U53E MINGW64 ~/Desktop/DH
$ mv peliculas/Infantiles/Rapidos\ y\ fueriosos.pdf peliculas/Accion/

Alejandro@DESKTOP-KV4U53E MINGW64 ~/Desktop/DH
$ mv peliculas/Comedia/Mision\ imposible.png peliculas/Accion/

Alejandro@DESKTOP-KV4U53E MINGW64 ~/Desktop/DH
$ mv peliculas/Accion/Cars.jpg peliculas/Infantiles/

Alejandro@DESKTOP-KV4U53E MINGW64 ~/Desktop/DH
$ mv peliculas/Accion/El\ hexorcista.xls peliculas/Terror/

Alejandro@DESKTOP-KV4U53E MINGW64 ~/Desktop/DH
$ mv peliculas/Infantiles/El\ juego\ del\ miedo.xls peliculas/Terror/

Alejandro@DESKTOP-KV4U53E MINGW64 ~/Desktop/DH
$ mv peliculas/Infantiles/titanic.jpg peliculas/Romanticas/

Alejandro@DESKTOP-KV4U53E MINGW64 ~/Desktop/DH
$ mv peliculas/Romanticas/Annabelle.js peliculas/Terror/

Alejandro@DESKTOP-KV4U53E MINGW64 ~/Desktop/DH
$ mv peliculas/Romanticas/"la dama y el vagabundo" peliculas/Infantiles/
mv: cannot stat 'peliculas/Romanticas/la dama y el vagabundo': No such file or directory

Alejandro@DESKTOP-KV4U53E MINGW64 ~/Desktop/DH
$ mv peliculas/Romanticas/la\ dama\ y\ el\ vagabundo.png peliculas/Infantiles/

Alejandro@DESKTOP-KV4U53E MINGW64 ~/Desktop/DH
$ mv peliculas/Romanticas/La\ mascara.js peliculas/Comedia

Alejandro@DESKTOP-KV4U53E MINGW64 ~/Desktop/DH
$ mv peliculas/Romanticas/Los\ vengadores.js peliculas/Accion/

Alejandro@DESKTOP-KV4U53E MINGW64 ~/Desktop/DH
$ mv peliculas/Terror/Yo\ antes\ de\ ti.xls peliculas/Romanticas/

Alejandro@DESKTOP-KV4U53E MINGW64 ~/Desktop/DH
$ mv peliculas/Terror/Que\ paso\ ayer.pdf peliculas/Comedia/

Alejandro@DESKTOP-KV4U53E MINGW64 ~/Desktop/DH
$ rmdir peliculas/Terror/we\ will\ rock\ you.js 
rmdir: failed to remove 'peliculas/Terror/we will rock you.js': Not a directory

Alejandro@DESKTOP-KV4U53E MINGW64 ~/Desktop/DH
$ rm peliculas/Terror/we\ will\ rock\ you.js 

Alejandro@DESKTOP-KV4U53E MINGW64 ~/Desktop/DH
$ rm peliculas/Accion/Smooth\ criminal.txt 

Alejandro@DESKTOP-KV4U53E MINGW64 ~/Desktop/DH
$ mv peliculas/Comedia/Orgullo\ y\ prejuicio.txt peliculas/Romanticas/


5) Ubicados en la carpeta DH crear el archivo noBorrar.js en la carpeta prueba2.
En un solo comando.


Alejandro@DESKTOP-KV4U53E MINGW64 ~/Desktop/DH

$ touch peliculas/Accion/prueba2/"no borrar.js

6) Ubicados en la carpeta peliculas mover el archivo noBorrar.js de la carpeta 
prueba2 a la carpeta prueba. En un solo comando

Alejandro@DESKTOP-KV4U53E MINGW64 ~/Desktop/DH/peliculas
$ mv Accion/prueba2/no\ borrar.js Romanticas/Prueba/

7) Ubicados en la carpeta DH crear un archivo llamado camadax.txt
Alejandro@DESKTOP-KV4U53E MINGW64 ~/Desktop/DH
$ touch camada.txt

8) Ubicados en la carpeta peliculas, mover el archivo IT a la carpeta infantiles. En 
un solo comando.

Alejandro@DESKTOP-KV4U53E MINGW64 ~/Desktop/DH/peliculas
$ mv Comedia/IT.xls Infantiles/

9) Ubicados en la carpeta peliculas eliminar el archivo camadax.txt

rm ../camada.txt 

10) Ubicados en la carpeta peliculas eliminar la carpeta prueba. En un solo 
comando.

Alejandro@DESKTOP-KV4U53E MINGW64 ~/Desktop/DH/peliculas
$ rm -R Romanticas/Prueba










